<html>
<body>
<pre>
<h1>µVision Build Log</h1>
<h2>Project:</h2>
C:\Users\Bill\SCHOOL\3A\SE 350\SE350\os\SVC\SVC.uvproj
Project File Date:  03/08/2013

<h2>Output:</h2>
Build Project 'SVC' - Target 'SVC SIM'
assembling startup_LPC17xx.s...
compiling system_LPC17xx.c...
compiling uart_polling.c...
compiling main_svc.c...
C:\Users\Bill\SCHOOL\3A\SE 350\SE350\os\SVC\src\process.h(81): warning:  #815-D: type qualifier on return type is meaningless
compiling rtx.c...
C:\Users\Bill\SCHOOL\3A\SE 350\SE350\os\SVC\src\process.h(81): warning:  #815-D: type qualifier on return type is meaningless
compiling Retarget.c...
compiling process.c...
C:\Users\Bill\SCHOOL\3A\SE 350\SE350\os\SVC\src\process.h(81): warning:  #815-D: type qualifier on return type is meaningless
C:\Users\Bill\SCHOOL\3A\SE 350\SE350\os\SVC\src\process.c(296): error:  #171: invalid type conversion
C:\Users\Bill\SCHOOL\3A\SE 350\SE350\os\SVC\src\process.c(306): error:  #171: invalid type conversion
compiling processes.c...
C:\Users\Bill\SCHOOL\3A\SE 350\SE350\os\SVC\src\process.h(81): warning:  #815-D: type qualifier on return type is meaningless
C:\Users\Bill\SCHOOL\3A\SE 350\SE350\os\SVC\src\processes.c(102): warning:  #223-D: function "set_process_priority" declared implicitly
C:\Users\Bill\SCHOOL\3A\SE 350\SE350\os\SVC\src\processes.c(138): warning:  #223-D: function "set_process_priority" declared implicitly
C:\Users\Bill\SCHOOL\3A\SE 350\SE350\os\SVC\src\processes.c(167): error:  #29: expected an expression
C:\Users\Bill\SCHOOL\3A\SE 350\SE350\os\SVC\src\processes.c(167): error:  #20: identifier "i" is undefined
C:\Users\Bill\SCHOOL\3A\SE 350\SE350\os\SVC\src\processes.c(177): error:  #55-D: too many arguments in invocation of macro "receive_message"
C:\Users\Bill\SCHOOL\3A\SE 350\SE350\os\SVC\src\processes.c(157): warning:  #550-D: variable "time_string" was set but never used
compiling memory.c...
C:\Users\Bill\SCHOOL\3A\SE 350\SE350\os\SVC\src\process.h(81): warning:  #815-D: type qualifier on return type is meaningless
compiling interrupt.c...
C:\Users\Bill\SCHOOL\3A\SE 350\SE350\os\SVC\src\process.h(81): warning:  #815-D: type qualifier on return type is meaningless
compiling iprocesses.c...
C:\Users\Bill\SCHOOL\3A\SE 350\SE350\os\SVC\src\process.h(81): warning:  #815-D: type qualifier on return type is meaningless
C:\Users\Bill\SCHOOL\3A\SE 350\SE350\os\SVC\src\CRT.h(35): warning:  #223-D: function "UART0_IRQHandler" declared implicitly
compiling keyboard.c...
C:\Users\Bill\SCHOOL\3A\SE 350\SE350\os\SVC\src\process.h(81): warning:  #815-D: type qualifier on return type is meaningless
C:\Users\Bill\SCHOOL\3A\SE 350\SE350\os\SVC\src\keyboard.c(76): error:  #55-D: too many arguments in invocation of macro "receive_message"
compiling timer.c...
C:\Users\Bill\SCHOOL\3A\SE 350\SE350\os\SVC\src\process.h(81): warning:  #815-D: type qualifier on return type is meaningless
Target not created
Build Project 'SVC' - Target 'SVC SIM'
compiling process.c...
C:\Users\Bill\SCHOOL\3A\SE 350\SE350\os\SVC\src\process.h(81): warning:  #815-D: type qualifier on return type is meaningless
C:\Users\Bill\SCHOOL\3A\SE 350\SE350\os\SVC\src\process.c(296): error:  #171: invalid type conversion
C:\Users\Bill\SCHOOL\3A\SE 350\SE350\os\SVC\src\process.c(306): error:  #171: invalid type conversion
compiling processes.c...
C:\Users\Bill\SCHOOL\3A\SE 350\SE350\os\SVC\src\process.h(81): warning:  #815-D: type qualifier on return type is meaningless
C:\Users\Bill\SCHOOL\3A\SE 350\SE350\os\SVC\src\processes.c(102): warning:  #223-D: function "set_process_priority" declared implicitly
C:\Users\Bill\SCHOOL\3A\SE 350\SE350\os\SVC\src\processes.c(138): warning:  #223-D: function "set_process_priority" declared implicitly
C:\Users\Bill\SCHOOL\3A\SE 350\SE350\os\SVC\src\processes.c(178): error:  #55-D: too many arguments in invocation of macro "receive_message"
C:\Users\Bill\SCHOOL\3A\SE 350\SE350\os\SVC\src\processes.c(157): warning:  #550-D: variable "time_string" was set but never used
compiling keyboard.c...
C:\Users\Bill\SCHOOL\3A\SE 350\SE350\os\SVC\src\process.h(81): warning:  #815-D: type qualifier on return type is meaningless
C:\Users\Bill\SCHOOL\3A\SE 350\SE350\os\SVC\src\keyboard.c(76): error:  #55-D: too many arguments in invocation of macro "receive_message"
Target not created
Build Project 'SVC' - Target 'SVC SIM'
compiling process.c...
C:\Users\Bill\SCHOOL\3A\SE 350\SE350\os\SVC\src\process.h(81): warning:  #815-D: type qualifier on return type is meaningless
C:\Users\Bill\SCHOOL\3A\SE 350\SE350\os\SVC\src\process.c(296): error:  #171: invalid type conversion
C:\Users\Bill\SCHOOL\3A\SE 350\SE350\os\SVC\src\process.c(306): error:  #171: invalid type conversion
compiling processes.c...
C:\Users\Bill\SCHOOL\3A\SE 350\SE350\os\SVC\src\process.h(81): warning:  #815-D: type qualifier on return type is meaningless
C:\Users\Bill\SCHOOL\3A\SE 350\SE350\os\SVC\src\processes.c(102): warning:  #223-D: function "set_process_priority" declared implicitly
C:\Users\Bill\SCHOOL\3A\SE 350\SE350\os\SVC\src\processes.c(138): warning:  #223-D: function "set_process_priority" declared implicitly
C:\Users\Bill\SCHOOL\3A\SE 350\SE350\os\SVC\src\processes.c(157): warning:  #550-D: variable "time_string" was set but never used
compiling keyboard.c...
C:\Users\Bill\SCHOOL\3A\SE 350\SE350\os\SVC\src\process.h(81): warning:  #815-D: type qualifier on return type is meaningless
C:\Users\Bill\SCHOOL\3A\SE 350\SE350\os\SVC\src\keyboard.c(76): error:  #55-D: too many arguments in invocation of macro "receive_message"
Target not created
Build Project 'SVC' - Target 'SVC SIM'
compiling process.c...
C:\Users\Bill\SCHOOL\3A\SE 350\SE350\os\SVC\src\process.h(81): warning:  #815-D: type qualifier on return type is meaningless
C:\Users\Bill\SCHOOL\3A\SE 350\SE350\os\SVC\src\process.c(296): error:  #171: invalid type conversion
C:\Users\Bill\SCHOOL\3A\SE 350\SE350\os\SVC\src\process.c(306): error:  #171: invalid type conversion
compiling keyboard.c...
C:\Users\Bill\SCHOOL\3A\SE 350\SE350\os\SVC\src\process.h(81): warning:  #815-D: type qualifier on return type is meaningless
Target not created
Build Project 'SVC' - Target 'SVC SIM'
compiling process.c...
C:\Users\Bill\SCHOOL\3A\SE 350\SE350\os\SVC\src\process.h(81): warning:  #815-D: type qualifier on return type is meaningless
C:\Users\Bill\SCHOOL\3A\SE 350\SE350\os\SVC\src\process.c(295): error:  #20: identifier "kcd_proc" is undefined
C:\Users\Bill\SCHOOL\3A\SE 350\SE350\os\SVC\src\process.c(296): error:  #171: invalid type conversion
C:\Users\Bill\SCHOOL\3A\SE 350\SE350\os\SVC\src\process.c(306): error:  #171: invalid type conversion
Target not created
Build Project 'SVC' - Target 'SVC SIM'
compiling process.c...
C:\Users\Bill\SCHOOL\3A\SE 350\SE350\os\SVC\src\process.h(81): warning:  #815-D: type qualifier on return type is meaningless
C:\Users\Bill\SCHOOL\3A\SE 350\SE350\os\SVC\src\process.c(296): error:  #20: identifier "kcd" is undefined
compiling processes.c...
C:\Users\Bill\SCHOOL\3A\SE 350\SE350\os\SVC\src\process.h(81): warning:  #815-D: type qualifier on return type is meaningless
C:\Users\Bill\SCHOOL\3A\SE 350\SE350\os\SVC\src\processes.c(102): warning:  #223-D: function "set_process_priority" declared implicitly
C:\Users\Bill\SCHOOL\3A\SE 350\SE350\os\SVC\src\processes.c(138): warning:  #223-D: function "set_process_priority" declared implicitly
C:\Users\Bill\SCHOOL\3A\SE 350\SE350\os\SVC\src\processes.c(157): warning:  #550-D: variable "time_string" was set but never used
Target not created
Build Project 'SVC' - Target 'SVC SIM'
compiling process.c...
C:\Users\Bill\SCHOOL\3A\SE 350\SE350\os\SVC\src\process.h(81): warning:  #815-D: type qualifier on return type is meaningless
C:\Users\Bill\SCHOOL\3A\SE 350\SE350\os\SVC\src\keyboard.h(7): error:  #40: expected an identifier
Target not created
Build Project 'SVC' - Target 'SVC SIM'
compiling process.c...
C:\Users\Bill\SCHOOL\3A\SE 350\SE350\os\SVC\src\process.h(81): warning:  #815-D: type qualifier on return type is meaningless
C:\Users\Bill\SCHOOL\3A\SE 350\SE350\os\SVC\src\keyboard.h(6): error:  #40: expected an identifier
compiling processes.c...
C:\Users\Bill\SCHOOL\3A\SE 350\SE350\os\SVC\src\process.h(81): warning:  #815-D: type qualifier on return type is meaningless
C:\Users\Bill\SCHOOL\3A\SE 350\SE350\os\SVC\src\processes.c(102): warning:  #223-D: function "set_process_priority" declared implicitly
C:\Users\Bill\SCHOOL\3A\SE 350\SE350\os\SVC\src\processes.c(138): warning:  #223-D: function "set_process_priority" declared implicitly
C:\Users\Bill\SCHOOL\3A\SE 350\SE350\os\SVC\src\processes.c(157): warning:  #550-D: variable "time_string" was set but never used
compiling keyboard.c...
C:\Users\Bill\SCHOOL\3A\SE 350\SE350\os\SVC\src\process.h(81): warning:  #815-D: type qualifier on return type is meaningless
Target not created
Build Project 'SVC' - Target 'SVC SIM'
compiling process.c...
C:\Users\Bill\SCHOOL\3A\SE 350\SE350\os\SVC\src\process.h(81): warning:  #815-D: type qualifier on return type is meaningless
C:\Users\Bill\SCHOOL\3A\SE 350\SE350\os\SVC\src\keyboard.h(7): error:  #40: expected an identifier
compiling processes.c...
C:\Users\Bill\SCHOOL\3A\SE 350\SE350\os\SVC\src\process.h(81): warning:  #815-D: type qualifier on return type is meaningless
C:\Users\Bill\SCHOOL\3A\SE 350\SE350\os\SVC\src\processes.c(102): warning:  #223-D: function "set_process_priority" declared implicitly
C:\Users\Bill\SCHOOL\3A\SE 350\SE350\os\SVC\src\processes.c(138): warning:  #223-D: function "set_process_priority" declared implicitly
C:\Users\Bill\SCHOOL\3A\SE 350\SE350\os\SVC\src\processes.c(157): warning:  #550-D: variable "time_string" was set but never used
compiling keyboard.c...
C:\Users\Bill\SCHOOL\3A\SE 350\SE350\os\SVC\src\process.h(81): warning:  #815-D: type qualifier on return type is meaningless
Target not created
Build Project 'SVC' - Target 'SVC SIM'
compiling process.c...
C:\Users\Bill\SCHOOL\3A\SE 350\SE350\os\SVC\src\process.h(81): warning:  #815-D: type qualifier on return type is meaningless
C:\Users\Bill\SCHOOL\3A\SE 350\SE350\os\SVC\src\keyboard.h(7): error:  #40: expected an identifier
compiling processes.c...
C:\Users\Bill\SCHOOL\3A\SE 350\SE350\os\SVC\src\process.h(81): warning:  #815-D: type qualifier on return type is meaningless
C:\Users\Bill\SCHOOL\3A\SE 350\SE350\os\SVC\src\processes.c(102): warning:  #223-D: function "set_process_priority" declared implicitly
C:\Users\Bill\SCHOOL\3A\SE 350\SE350\os\SVC\src\processes.c(138): warning:  #223-D: function "set_process_priority" declared implicitly
C:\Users\Bill\SCHOOL\3A\SE 350\SE350\os\SVC\src\processes.c(157): warning:  #550-D: variable "time_string" was set but never used
compiling keyboard.c...
C:\Users\Bill\SCHOOL\3A\SE 350\SE350\os\SVC\src\process.h(81): warning:  #815-D: type qualifier on return type is meaningless
Target not created
Build Project 'SVC' - Target 'SVC SIM'
compiling process.c...
C:\Users\Bill\SCHOOL\3A\SE 350\SE350\os\SVC\src\process.h(81): warning:  #815-D: type qualifier on return type is meaningless
compiling processes.c...
C:\Users\Bill\SCHOOL\3A\SE 350\SE350\os\SVC\src\process.h(81): warning:  #815-D: type qualifier on return type is meaningless
C:\Users\Bill\SCHOOL\3A\SE 350\SE350\os\SVC\src\processes.c(102): warning:  #223-D: function "set_process_priority" declared implicitly
C:\Users\Bill\SCHOOL\3A\SE 350\SE350\os\SVC\src\processes.c(138): warning:  #223-D: function "set_process_priority" declared implicitly
C:\Users\Bill\SCHOOL\3A\SE 350\SE350\os\SVC\src\processes.c(157): warning:  #550-D: variable "time_string" was set but never used
compiling keyboard.c...
C:\Users\Bill\SCHOOL\3A\SE 350\SE350\os\SVC\src\process.h(81): warning:  #815-D: type qualifier on return type is meaningless
C:\Users\Bill\SCHOOL\3A\SE 350\SE350\os\SVC\src\keyboard.c(37): error:  #136: struct "kcd_node_t" has no field "command"
C:\Users\Bill\SCHOOL\3A\SE 350\SE350\os\SVC\src\keyboard.c(41): error:  #136: struct "kcd_node_t" has no field "command"
C:\Users\Bill\SCHOOL\3A\SE 350\SE350\os\SVC\src\keyboard.c(54): error:  #136: struct "kcd_node_t" has no field "command"
C:\Users\Bill\SCHOOL\3A\SE 350\SE350\os\SVC\src\keyboard.c(57): error:  #136: struct "kcd_node_t" has no field "command"
C:\Users\Bill\SCHOOL\3A\SE 350\SE350\os\SVC\src\keyboard.c(60): error:  #136: struct "kcd_node_t" has no field "command"
Target not created
Build Project 'SVC' - Target 'SVC SIM'
compiling process.c...
C:\Users\Bill\SCHOOL\3A\SE 350\SE350\os\SVC\src\process.h(81): warning:  #815-D: type qualifier on return type is meaningless
compiling processes.c...
C:\Users\Bill\SCHOOL\3A\SE 350\SE350\os\SVC\src\process.h(81): warning:  #815-D: type qualifier on return type is meaningless
C:\Users\Bill\SCHOOL\3A\SE 350\SE350\os\SVC\src\processes.c(102): warning:  #223-D: function "set_process_priority" declared implicitly
C:\Users\Bill\SCHOOL\3A\SE 350\SE350\os\SVC\src\processes.c(138): warning:  #223-D: function "set_process_priority" declared implicitly
C:\Users\Bill\SCHOOL\3A\SE 350\SE350\os\SVC\src\processes.c(157): warning:  #550-D: variable "time_string" was set but never used
compiling keyboard.c...
C:\Users\Bill\SCHOOL\3A\SE 350\SE350\os\SVC\src\process.h(81): warning:  #815-D: type qualifier on return type is meaningless
linking...
.\flash\SVC.axf: Error: L6218E: Undefined symbol delay_message_list (referred from process.o).
.\flash\SVC.axf: Error: L6218E: Undefined symbol pcb_lookup_list (referred from process.o).
.\flash\SVC.axf: Error: L6218E: Undefined symbol set_process_priority (referred from processes.o).
Target not created
Build Project 'SVC' - Target 'SVC SIM'
compiling main_svc.c...
C:\Users\Bill\SCHOOL\3A\SE 350\SE350\os\SVC\src\process.h(85): warning:  #815-D: type qualifier on return type is meaningless
compiling rtx.c...
C:\Users\Bill\SCHOOL\3A\SE 350\SE350\os\SVC\src\process.h(85): warning:  #815-D: type qualifier on return type is meaningless
compiling process.c...
C:\Users\Bill\SCHOOL\3A\SE 350\SE350\os\SVC\src\process.h(85): warning:  #815-D: type qualifier on return type is meaningless
compiling processes.c...
C:\Users\Bill\SCHOOL\3A\SE 350\SE350\os\SVC\src\process.h(85): warning:  #815-D: type qualifier on return type is meaningless
C:\Users\Bill\SCHOOL\3A\SE 350\SE350\os\SVC\src\processes.c(102): warning:  #223-D: function "set_process_priority" declared implicitly
C:\Users\Bill\SCHOOL\3A\SE 350\SE350\os\SVC\src\processes.c(138): warning:  #223-D: function "set_process_priority" declared implicitly
C:\Users\Bill\SCHOOL\3A\SE 350\SE350\os\SVC\src\processes.c(157): warning:  #550-D: variable "time_string" was set but never used
compiling memory.c...
C:\Users\Bill\SCHOOL\3A\SE 350\SE350\os\SVC\src\process.h(85): warning:  #815-D: type qualifier on return type is meaningless
compiling interrupt.c...
C:\Users\Bill\SCHOOL\3A\SE 350\SE350\os\SVC\src\process.h(85): warning:  #815-D: type qualifier on return type is meaningless
compiling iprocesses.c...
C:\Users\Bill\SCHOOL\3A\SE 350\SE350\os\SVC\src\process.h(85): warning:  #815-D: type qualifier on return type is meaningless
C:\Users\Bill\SCHOOL\3A\SE 350\SE350\os\SVC\src\CRT.h(35): warning:  #223-D: function "UART0_IRQHandler" declared implicitly
compiling keyboard.c...
C:\Users\Bill\SCHOOL\3A\SE 350\SE350\os\SVC\src\process.h(85): warning:  #815-D: type qualifier on return type is meaningless
compiling timer.c...
C:\Users\Bill\SCHOOL\3A\SE 350\SE350\os\SVC\src\process.h(85): warning:  #815-D: type qualifier on return type is meaningless
linking...
.\flash\SVC.axf: Error: L6218E: Undefined symbol delay_message_list (referred from process.o).
.\flash\SVC.axf: Error: L6218E: Undefined symbol pcb_lookup_list (referred from process.o).
.\flash\SVC.axf: Error: L6218E: Undefined symbol set_process_priority (referred from processes.o).
Target not created
Build Project 'SVC' - Target 'SVC SIM'
compiling main_svc.c...
C:\Users\Bill\SCHOOL\3A\SE 350\SE350\os\SVC\src\process.h(85): warning:  #815-D: type qualifier on return type is meaningless
compiling rtx.c...
C:\Users\Bill\SCHOOL\3A\SE 350\SE350\os\SVC\src\process.h(85): warning:  #815-D: type qualifier on return type is meaningless
compiling process.c...
C:\Users\Bill\SCHOOL\3A\SE 350\SE350\os\SVC\src\process.h(85): warning:  #815-D: type qualifier on return type is meaningless
compiling processes.c...
C:\Users\Bill\SCHOOL\3A\SE 350\SE350\os\SVC\src\process.h(85): warning:  #815-D: type qualifier on return type is meaningless
C:\Users\Bill\SCHOOL\3A\SE 350\SE350\os\SVC\src\processes.c(157): warning:  #550-D: variable "time_string" was set but never used
compiling memory.c...
C:\Users\Bill\SCHOOL\3A\SE 350\SE350\os\SVC\src\process.h(85): warning:  #815-D: type qualifier on return type is meaningless
compiling interrupt.c...
C:\Users\Bill\SCHOOL\3A\SE 350\SE350\os\SVC\src\process.h(85): warning:  #815-D: type qualifier on return type is meaningless
compiling iprocesses.c...
C:\Users\Bill\SCHOOL\3A\SE 350\SE350\os\SVC\src\process.h(85): warning:  #815-D: type qualifier on return type is meaningless
C:\Users\Bill\SCHOOL\3A\SE 350\SE350\os\SVC\src\CRT.h(35): warning:  #223-D: function "UART0_IRQHandler" declared implicitly
compiling keyboard.c...
C:\Users\Bill\SCHOOL\3A\SE 350\SE350\os\SVC\src\process.h(85): warning:  #815-D: type qualifier on return type is meaningless
compiling timer.c...
C:\Users\Bill\SCHOOL\3A\SE 350\SE350\os\SVC\src\process.h(85): warning:  #815-D: type qualifier on return type is meaningless
linking...
.\flash\SVC.axf: Error: L6218E: Undefined symbol delay_message_list (referred from process.o).
.\flash\SVC.axf: Error: L6218E: Undefined symbol pcb_lookup_list (referred from process.o).
Target not created
Build Project 'SVC' - Target 'SVC SIM'
compiling process.c...
C:\Users\Bill\SCHOOL\3A\SE 350\SE350\os\SVC\src\process.h(85): warning:  #815-D: type qualifier on return type is meaningless
linking...
Program Size: Code=5276 RO-data=236 RW-data=68 ZI-data=1180  
".\flash\SVC.axf" - 0 Error(s), 1 Warning(s).
Build Project 'SVC' - Target 'SVC SIM'
compiling main_svc.c...
C:\Users\Bill\SCHOOL\3A\SE 350\SE350\os\SVC\src\process.h(85): warning:  #815-D: type qualifier on return type is meaningless
compiling rtx.c...
C:\Users\Bill\SCHOOL\3A\SE 350\SE350\os\SVC\src\process.h(85): warning:  #815-D: type qualifier on return type is meaningless
compiling process.c...
C:\Users\Bill\SCHOOL\3A\SE 350\SE350\os\SVC\src\process.h(85): warning:  #815-D: type qualifier on return type is meaningless
C:\Users\Bill\SCHOOL\3A\SE 350\SE350\os\SVC\src\CRT.h(35): warning:  #223-D: function "UART0_IRQHandler" declared implicitly
compiling processes.c...
C:\Users\Bill\SCHOOL\3A\SE 350\SE350\os\SVC\src\process.h(85): warning:  #815-D: type qualifier on return type is meaningless
C:\Users\Bill\SCHOOL\3A\SE 350\SE350\os\SVC\src\processes.c(157): warning:  #550-D: variable "time_string" was set but never used
compiling memory.c...
C:\Users\Bill\SCHOOL\3A\SE 350\SE350\os\SVC\src\process.h(85): warning:  #815-D: type qualifier on return type is meaningless
compiling interrupt.c...
C:\Users\Bill\SCHOOL\3A\SE 350\SE350\os\SVC\src\process.h(85): warning:  #815-D: type qualifier on return type is meaningless
compiling iprocesses.c...
C:\Users\Bill\SCHOOL\3A\SE 350\SE350\os\SVC\src\process.h(85): warning:  #815-D: type qualifier on return type is meaningless
C:\Users\Bill\SCHOOL\3A\SE 350\SE350\os\SVC\src\CRT.h(35): warning:  #223-D: function "UART0_IRQHandler" declared implicitly
compiling keyboard.c...
C:\Users\Bill\SCHOOL\3A\SE 350\SE350\os\SVC\src\process.h(85): warning:  #815-D: type qualifier on return type is meaningless
C:\Users\Bill\SCHOOL\3A\SE 350\SE350\os\SVC\src\keyboard.c(88): error:  #20: identifier "KEYBOARD_INPUT" is undefined
compiling timer.c...
C:\Users\Bill\SCHOOL\3A\SE 350\SE350\os\SVC\src\process.h(85): warning:  #815-D: type qualifier on return type is meaningless
Target not created
Build Project 'SVC' - Target 'SVC SIM'
compiling main_svc.c...
C:\Users\Bill\SCHOOL\3A\SE 350\SE350\os\SVC\src\process.h(85): warning:  #815-D: type qualifier on return type is meaningless
compiling rtx.c...
C:\Users\Bill\SCHOOL\3A\SE 350\SE350\os\SVC\src\process.h(85): warning:  #815-D: type qualifier on return type is meaningless
compiling process.c...
C:\Users\Bill\SCHOOL\3A\SE 350\SE350\os\SVC\src\process.h(85): warning:  #815-D: type qualifier on return type is meaningless
C:\Users\Bill\SCHOOL\3A\SE 350\SE350\os\SVC\src\CRT.h(35): warning:  #223-D: function "UART0_IRQHandler" declared implicitly
compiling processes.c...
C:\Users\Bill\SCHOOL\3A\SE 350\SE350\os\SVC\src\process.h(85): warning:  #815-D: type qualifier on return type is meaningless
C:\Users\Bill\SCHOOL\3A\SE 350\SE350\os\SVC\src\processes.c(157): warning:  #550-D: variable "time_string" was set but never used
compiling memory.c...
C:\Users\Bill\SCHOOL\3A\SE 350\SE350\os\SVC\src\process.h(85): warning:  #815-D: type qualifier on return type is meaningless
compiling interrupt.c...
C:\Users\Bill\SCHOOL\3A\SE 350\SE350\os\SVC\src\process.h(85): warning:  #815-D: type qualifier on return type is meaningless
compiling iprocesses.c...
C:\Users\Bill\SCHOOL\3A\SE 350\SE350\os\SVC\src\process.h(85): warning:  #815-D: type qualifier on return type is meaningless
C:\Users\Bill\SCHOOL\3A\SE 350\SE350\os\SVC\src\CRT.h(35): warning:  #223-D: function "UART0_IRQHandler" declared implicitly
compiling keyboard.c...
C:\Users\Bill\SCHOOL\3A\SE 350\SE350\os\SVC\src\process.h(85): warning:  #815-D: type qualifier on return type is meaningless
compiling timer.c...
C:\Users\Bill\SCHOOL\3A\SE 350\SE350\os\SVC\src\process.h(85): warning:  #815-D: type qualifier on return type is meaningless
linking...
.\flash\SVC.axf: Error: L6200E: Symbol crt_displpay_process multiply defined (by iprocesses.o and process.o).
Target not created
Build Project 'SVC' - Target 'SVC SIM'
compiling process.c...
C:\Users\Bill\SCHOOL\3A\SE 350\SE350\os\SVC\src\process.h(85): warning:  #815-D: type qualifier on return type is meaningless
C:\Users\Bill\SCHOOL\3A\SE 350\SE350\os\SVC\src\CRT.h(35): warning:  #223-D: function "UART0_IRQHandler" declared implicitly
compiling iprocesses.c...
C:\Users\Bill\SCHOOL\3A\SE 350\SE350\os\SVC\src\process.h(85): warning:  #815-D: type qualifier on return type is meaningless
C:\Users\Bill\SCHOOL\3A\SE 350\SE350\os\SVC\src\CRT.h(35): warning:  #223-D: function "UART0_IRQHandler" declared implicitly
linking...
.\flash\SVC.axf: Error: L6200E: Symbol crt_displpay_process multiply defined (by iprocesses.o and process.o).
Target not created
Build Project 'SVC' - Target 'SVC SIM'
compiling process.c...
C:\Users\Bill\SCHOOL\3A\SE 350\SE350\os\SVC\src\process.h(85): warning:  #815-D: type qualifier on return type is meaningless
C:\Users\Bill\SCHOOL\3A\SE 350\SE350\os\SVC\src\CRT.h(35): warning:  #223-D: function "UART0_IRQHandler" declared implicitly
compiling iprocesses.c...
C:\Users\Bill\SCHOOL\3A\SE 350\SE350\os\SVC\src\process.h(85): warning:  #815-D: type qualifier on return type is meaningless
C:\Users\Bill\SCHOOL\3A\SE 350\SE350\os\SVC\src\CRT.h(35): warning:  #223-D: function "UART0_IRQHandler" declared implicitly
linking...
.\flash\SVC.axf: Error: L6200E: Symbol crt_displpay_process multiply defined (by iprocesses.o and process.o).
Target not created
Rebuild Project 'SVC' - Target 'SVC SIM'
assembling startup_LPC17xx.s...
compiling system_LPC17xx.c...
compiling uart_polling.c...
compiling main_svc.c...
C:\Users\Bill\SCHOOL\3A\SE 350\SE350\os\SVC\src\process.h(85): warning:  #815-D: type qualifier on return type is meaningless
compiling rtx.c...
C:\Users\Bill\SCHOOL\3A\SE 350\SE350\os\SVC\src\process.h(85): warning:  #815-D: type qualifier on return type is meaningless
compiling Retarget.c...
compiling HAL.c...
compiling process.c...
C:\Users\Bill\SCHOOL\3A\SE 350\SE350\os\SVC\src\process.h(85): warning:  #815-D: type qualifier on return type is meaningless
C:\Users\Bill\SCHOOL\3A\SE 350\SE350\os\SVC\src\CRT.h(35): warning:  #223-D: function "UART0_IRQHandler" declared implicitly
compiling processes.c...
C:\Users\Bill\SCHOOL\3A\SE 350\SE350\os\SVC\src\process.h(85): warning:  #815-D: type qualifier on return type is meaningless
C:\Users\Bill\SCHOOL\3A\SE 350\SE350\os\SVC\src\processes.c(157): warning:  #550-D: variable "time_string" was set but never used
compiling memory.c...
C:\Users\Bill\SCHOOL\3A\SE 350\SE350\os\SVC\src\process.h(85): warning:  #815-D: type qualifier on return type is meaningless
compiling interrupt.c...
C:\Users\Bill\SCHOOL\3A\SE 350\SE350\os\SVC\src\process.h(85): warning:  #815-D: type qualifier on return type is meaningless
compiling iprocesses.c...
C:\Users\Bill\SCHOOL\3A\SE 350\SE350\os\SVC\src\process.h(85): warning:  #815-D: type qualifier on return type is meaningless
C:\Users\Bill\SCHOOL\3A\SE 350\SE350\os\SVC\src\CRT.h(35): warning:  #223-D: function "UART0_IRQHandler" declared implicitly
compiling keyboard.c...
C:\Users\Bill\SCHOOL\3A\SE 350\SE350\os\SVC\src\process.h(85): warning:  #815-D: type qualifier on return type is meaningless
compiling timer.c...
C:\Users\Bill\SCHOOL\3A\SE 350\SE350\os\SVC\src\process.h(85): warning:  #815-D: type qualifier on return type is meaningless
linking...
.\flash\SVC.axf: Error: L6200E: Symbol crt_displpay_process multiply defined (by iprocesses.o and process.o).
Target not created
Rebuild Project 'SVC' - Target 'SVC SIM'
assembling startup_LPC17xx.s...
compiling system_LPC17xx.c...
compiling uart_polling.c...
compiling main_svc.c...
C:\Users\Bill\SCHOOL\3A\SE 350\SE350\os\SVC\src\process.h(85): warning:  #815-D: type qualifier on return type is meaningless
compiling rtx.c...
C:\Users\Bill\SCHOOL\3A\SE 350\SE350\os\SVC\src\process.h(85): warning:  #815-D: type qualifier on return type is meaningless
compiling Retarget.c...
compiling HAL.c...
compiling process.c...
C:\Users\Bill\SCHOOL\3A\SE 350\SE350\os\SVC\src\process.h(85): warning:  #815-D: type qualifier on return type is meaningless
C:\Users\Bill\SCHOOL\3A\SE 350\SE350\os\SVC\src\CRT.h(35): warning:  #223-D: function "UART0_IRQHandler" declared implicitly
compiling processes.c...
C:\Users\Bill\SCHOOL\3A\SE 350\SE350\os\SVC\src\process.h(85): warning:  #815-D: type qualifier on return type is meaningless
C:\Users\Bill\SCHOOL\3A\SE 350\SE350\os\SVC\src\processes.c(157): warning:  #550-D: variable "time_string" was set but never used
compiling memory.c...
C:\Users\Bill\SCHOOL\3A\SE 350\SE350\os\SVC\src\process.h(85): warning:  #815-D: type qualifier on return type is meaningless
compiling interrupt.c...
C:\Users\Bill\SCHOOL\3A\SE 350\SE350\os\SVC\src\process.h(85): warning:  #815-D: type qualifier on return type is meaningless
compiling iprocesses.c...
C:\Users\Bill\SCHOOL\3A\SE 350\SE350\os\SVC\src\process.h(85): warning:  #815-D: type qualifier on return type is meaningless
C:\Users\Bill\SCHOOL\3A\SE 350\SE350\os\SVC\src\iprocesses.c(20): error:  #20: identifier "LPC_UART_TypeDef" is undefined
C:\Users\Bill\SCHOOL\3A\SE 350\SE350\os\SVC\src\iprocesses.c(20): error:  #20: identifier "pUart" is undefined
C:\Users\Bill\SCHOOL\3A\SE 350\SE350\os\SVC\src\iprocesses.c(20): error:  #29: expected an expression
C:\Users\Bill\SCHOOL\3A\SE 350\SE350\os\SVC\src\iprocesses.c(20): error:  #65: expected a ";"
C:\Users\Bill\SCHOOL\3A\SE 350\SE350\os\SVC\src\iprocesses.c(21): error:  #268: declaration may not appear after executable statement in block
C:\Users\Bill\SCHOOL\3A\SE 350\SE350\os\SVC\src\iprocesses.c(22): error:  #268: declaration may not appear after executable statement in block
C:\Users\Bill\SCHOOL\3A\SE 350\SE350\os\SVC\src\iprocesses.c(23): error:  #268: declaration may not appear after executable statement in block
C:\Users\Bill\SCHOOL\3A\SE 350\SE350\os\SVC\src\iprocesses.c(25): error:  #268: declaration may not appear after executable statement in block
C:\Users\Bill\SCHOOL\3A\SE 350\SE350\os\SVC\src\iprocesses.c(91): error:  #20: identifier "LPC_UART_TypeDef" is undefined
C:\Users\Bill\SCHOOL\3A\SE 350\SE350\os\SVC\src\iprocesses.c(91): error:  #20: identifier "pUart" is undefined
C:\Users\Bill\SCHOOL\3A\SE 350\SE350\os\SVC\src\iprocesses.c(94): error:  #29: expected an expression
C:\Users\Bill\SCHOOL\3A\SE 350\SE350\os\SVC\src\iprocesses.c(94): error:  #65: expected a ";"
compiling keyboard.c...
C:\Users\Bill\SCHOOL\3A\SE 350\SE350\os\SVC\src\process.h(85): warning:  #815-D: type qualifier on return type is meaningless
compiling timer.c...
C:\Users\Bill\SCHOOL\3A\SE 350\SE350\os\SVC\src\process.h(85): warning:  #815-D: type qualifier on return type is meaningless
Target not created
Rebuild Project 'SVC' - Target 'SVC SIM'
assembling startup_LPC17xx.s...
compiling system_LPC17xx.c...
compiling uart_polling.c...
compiling main_svc.c...
C:\Users\Bill\SCHOOL\3A\SE 350\SE350\os\SVC\src\process.h(85): warning:  #815-D: type qualifier on return type is meaningless
compiling rtx.c...
C:\Users\Bill\SCHOOL\3A\SE 350\SE350\os\SVC\src\process.h(85): warning:  #815-D: type qualifier on return type is meaningless
compiling Retarget.c...
compiling HAL.c...
compiling process.c...
C:\Users\Bill\SCHOOL\3A\SE 350\SE350\os\SVC\src\process.h(85): warning:  #815-D: type qualifier on return type is meaningless
C:\Users\Bill\SCHOOL\3A\SE 350\SE350\os\SVC\src\CRT.h(35): warning:  #223-D: function "UART0_IRQHandler" declared implicitly
compiling processes.c...
C:\Users\Bill\SCHOOL\3A\SE 350\SE350\os\SVC\src\process.h(85): warning:  #815-D: type qualifier on return type is meaningless
C:\Users\Bill\SCHOOL\3A\SE 350\SE350\os\SVC\src\processes.c(157): warning:  #550-D: variable "time_string" was set but never used
compiling memory.c...
C:\Users\Bill\SCHOOL\3A\SE 350\SE350\os\SVC\src\process.h(85): warning:  #815-D: type qualifier on return type is meaningless
compiling interrupt.c...
C:\Users\Bill\SCHOOL\3A\SE 350\SE350\os\SVC\src\process.h(85): warning:  #815-D: type qualifier on return type is meaningless
compiling iprocesses.c...
C:\Users\Bill\SCHOOL\3A\SE 350\SE350\os\SVC\src\process.h(85): warning:  #815-D: type qualifier on return type is meaningless
compiling keyboard.c...
C:\Users\Bill\SCHOOL\3A\SE 350\SE350\os\SVC\src\process.h(85): warning:  #815-D: type qualifier on return type is meaningless
compiling timer.c...
C:\Users\Bill\SCHOOL\3A\SE 350\SE350\os\SVC\src\process.h(85): warning:  #815-D: type qualifier on return type is meaningless
linking...
Program Size: Code=5400 RO-data=236 RW-data=68 ZI-data=1212  
".\flash\SVC.axf" - 0 Error(s), 11 Warning(s).
Load "C:\\Users\\Bill\\SCHOOL\\3A\\SE 350\\SE350\\os\\SVC\\flash\\SVC.AXF" 
Internal DLL Error
Build Project 'SVC' - Target 'SVC SIM'
compiling system_LPC17xx.c...
compiling uart_polling.c...
compiling main_svc.c...
C:\Users\Bill\SCHOOL\3A\SE 350\SE350\os\SVC\src\process.h(85): warning:  #815-D: type qualifier on return type is meaningless
compiling rtx.c...
C:\Users\Bill\SCHOOL\3A\SE 350\SE350\os\SVC\src\process.h(85): warning:  #815-D: type qualifier on return type is meaningless
compiling Retarget.c...
compiling process.c...
C:\Users\Bill\SCHOOL\3A\SE 350\SE350\os\SVC\src\process.h(85): warning:  #815-D: type qualifier on return type is meaningless
C:\Users\Bill\SCHOOL\3A\SE 350\SE350\os\SVC\src\CRT.h(35): warning:  #223-D: function "UART0_IRQHandler" declared implicitly
compiling processes.c...
C:\Users\Bill\SCHOOL\3A\SE 350\SE350\os\SVC\src\process.h(85): warning:  #815-D: type qualifier on return type is meaningless
C:\Users\Bill\SCHOOL\3A\SE 350\SE350\os\SVC\src\processes.c(157): warning:  #550-D: variable "time_string" was set but never used
compiling memory.c...
C:\Users\Bill\SCHOOL\3A\SE 350\SE350\os\SVC\src\process.h(85): warning:  #815-D: type qualifier on return type is meaningless
compiling interrupt.c...
C:\Users\Bill\SCHOOL\3A\SE 350\SE350\os\SVC\src\process.h(85): warning:  #815-D: type qualifier on return type is meaningless
compiling iprocesses.c...
C:\Users\Bill\SCHOOL\3A\SE 350\SE350\os\SVC\src\process.h(85): warning:  #815-D: type qualifier on return type is meaningless
compiling keyboard.c...
C:\Users\Bill\SCHOOL\3A\SE 350\SE350\os\SVC\src\process.h(85): warning:  #815-D: type qualifier on return type is meaningless
compiling timer.c...
C:\Users\Bill\SCHOOL\3A\SE 350\SE350\os\SVC\src\process.h(85): warning:  #815-D: type qualifier on return type is meaningless
linking...
Program Size: Code=5400 RO-data=236 RW-data=68 ZI-data=1212  
".\flash\SVC.axf" - 0 Error(s), 11 Warning(s).
Build Project 'SVC' - Target 'SVC SIM'
compiling process.c...
C:\Users\Bill\SCHOOL\3A\SE 350\SE350\os\SVC\src\process.h(85): warning:  #815-D: type qualifier on return type is meaningless
C:\Users\Bill\SCHOOL\3A\SE 350\SE350\os\SVC\src\CRT.h(35): warning:  #223-D: function "UART0_IRQHandler" declared implicitly
linking...
Program Size: Code=5392 RO-data=236 RW-data=68 ZI-data=1212  
".\flash\SVC.axf" - 0 Error(s), 2 Warning(s).
Build Project 'SVC' - Target 'SVC SIM'
compiling system_LPC17xx.c...
compiling uart_polling.c...
compiling main_svc.c...
C:\Users\Bill\SCHOOL\3A\SE 350\SE350\os\SVC\src\process.h(85): warning:  #815-D: type qualifier on return type is meaningless
compiling rtx.c...
C:\Users\Bill\SCHOOL\3A\SE 350\SE350\os\SVC\src\process.h(85): warning:  #815-D: type qualifier on return type is meaningless
compiling Retarget.c...
compiling process.c...
C:\Users\Bill\SCHOOL\3A\SE 350\SE350\os\SVC\src\process.h(85): warning:  #815-D: type qualifier on return type is meaningless
C:\Users\Bill\SCHOOL\3A\SE 350\SE350\os\SVC\src\CRT.h(35): warning:  #223-D: function "UART0_IRQHandler" declared implicitly
compiling processes.c...
C:\Users\Bill\SCHOOL\3A\SE 350\SE350\os\SVC\src\process.h(85): warning:  #815-D: type qualifier on return type is meaningless
C:\Users\Bill\SCHOOL\3A\SE 350\SE350\os\SVC\src\processes.c(157): warning:  #550-D: variable "time_string" was set but never used
compiling memory.c...
C:\Users\Bill\SCHOOL\3A\SE 350\SE350\os\SVC\src\process.h(85): warning:  #815-D: type qualifier on return type is meaningless
compiling interrupt.c...
C:\Users\Bill\SCHOOL\3A\SE 350\SE350\os\SVC\src\process.h(85): warning:  #815-D: type qualifier on return type is meaningless
compiling iprocesses.c...
C:\Users\Bill\SCHOOL\3A\SE 350\SE350\os\SVC\src\process.h(85): warning:  #815-D: type qualifier on return type is meaningless
compiling keyboard.c...
C:\Users\Bill\SCHOOL\3A\SE 350\SE350\os\SVC\src\process.h(85): warning:  #815-D: type qualifier on return type is meaningless
compiling timer.c...
C:\Users\Bill\SCHOOL\3A\SE 350\SE350\os\SVC\src\process.h(85): warning:  #815-D: type qualifier on return type is meaningless
linking...
Program Size: Code=5352 RO-data=236 RW-data=60 ZI-data=1292  
".\flash\SVC.axf" - 0 Error(s), 11 Warning(s).
Build Project 'SVC' - Target 'SVC SIM'
compiling process.c...
C:\Users\Bill\SCHOOL\3A\SE 350\SE350\os\SVC\src\process.h(85): warning:  #815-D: type qualifier on return type is meaningless
C:\Users\Bill\SCHOOL\3A\SE 350\SE350\os\SVC\src\CRT.h(35): warning:  #223-D: function "UART0_IRQHandler" declared implicitly
compiling processes.c...
C:\Users\Bill\SCHOOL\3A\SE 350\SE350\os\SVC\src\process.h(85): warning:  #815-D: type qualifier on return type is meaningless
C:\Users\Bill\SCHOOL\3A\SE 350\SE350\os\SVC\src\processes.c(157): warning:  #550-D: variable "time_string" was set but never used
linking...
Program Size: Code=5352 RO-data=236 RW-data=60 ZI-data=1292  
".\flash\SVC.axf" - 0 Error(s), 4 Warning(s).
Build Project 'SVC' - Target 'SVC SIM'
compiling process.c...
C:\Users\Bill\SCHOOL\3A\SE 350\SE350\os\SVC\src\process.h(85): warning:  #815-D: type qualifier on return type is meaningless
C:\Users\Bill\SCHOOL\3A\SE 350\SE350\os\SVC\src\CRT.h(35): warning:  #223-D: function "UART0_IRQHandler" declared implicitly
compiling processes.c...
C:\Users\Bill\SCHOOL\3A\SE 350\SE350\os\SVC\src\process.h(85): warning:  #815-D: type qualifier on return type is meaningless
C:\Users\Bill\SCHOOL\3A\SE 350\SE350\os\SVC\src\processes.c(157): warning:  #550-D: variable "time_string" was set but never used
compiling keyboard.c...
C:\Users\Bill\SCHOOL\3A\SE 350\SE350\os\SVC\src\process.h(85): warning:  #815-D: type qualifier on return type is meaningless
linking...
Program Size: Code=5352 RO-data=236 RW-data=60 ZI-data=1292  
".\flash\SVC.axf" - 0 Error(s), 5 Warning(s).
Build Project 'SVC' - Target 'SVC SIM'
linking...
Program Size: Code=5352 RO-data=236 RW-data=60 ZI-data=1292  
".\flash\SVC.axf" - 0 Error(s), 0 Warning(s).
Build Project 'SVC' - Target 'SVC SIM'
linking...
Program Size: Code=5352 RO-data=236 RW-data=60 ZI-data=1292  
".\flash\SVC.axf" - 0 Error(s), 0 Warning(s).
Build Project 'SVC' - Target 'SVC SIM'
compiling process.c...
C:\Users\Bill\SCHOOL\3A\SE 350\SE350\os\SVC\src\process.h(85): warning:  #815-D: type qualifier on return type is meaningless
C:\Users\Bill\SCHOOL\3A\SE 350\SE350\os\SVC\src\CRT.h(35): warning:  #223-D: function "UART0_IRQHandler" declared implicitly
C:\Users\Bill\SCHOOL\3A\SE 350\SE350\os\SVC\src\process.c(305): error:  #20: identifier "kcd" is undefined
compiling processes.c...
C:\Users\Bill\SCHOOL\3A\SE 350\SE350\os\SVC\src\process.h(85): warning:  #815-D: type qualifier on return type is meaningless
C:\Users\Bill\SCHOOL\3A\SE 350\SE350\os\SVC\src\processes.c(157): warning:  #550-D: variable "time_string" was set but never used
compiling keyboard.c...
C:\Users\Bill\SCHOOL\3A\SE 350\SE350\os\SVC\src\process.h(85): warning:  #815-D: type qualifier on return type is meaningless
Target not created
Build Project 'SVC' - Target 'SVC SIM'
compiling main_svc.c...
C:\Users\Bill\SCHOOL\3A\SE 350\SE350\os\SVC\src\process.h(85): warning:  #815-D: type qualifier on return type is meaningless
compiling rtx.c...
C:\Users\Bill\SCHOOL\3A\SE 350\SE350\os\SVC\src\process.h(85): warning:  #815-D: type qualifier on return type is meaningless
compiling process.c...
C:\Users\Bill\SCHOOL\3A\SE 350\SE350\os\SVC\src\process.h(85): warning:  #815-D: type qualifier on return type is meaningless
C:\Users\Bill\SCHOOL\3A\SE 350\SE350\os\SVC\src\CRT.h(35): warning:  #223-D: function "UART0_IRQHandler" declared implicitly
compiling processes.c...
C:\Users\Bill\SCHOOL\3A\SE 350\SE350\os\SVC\src\process.h(85): warning:  #815-D: type qualifier on return type is meaningless
C:\Users\Bill\SCHOOL\3A\SE 350\SE350\os\SVC\src\processes.c(157): warning:  #550-D: variable "time_string" was set but never used
compiling memory.c...
C:\Users\Bill\SCHOOL\3A\SE 350\SE350\os\SVC\src\process.h(85): warning:  #815-D: type qualifier on return type is meaningless
compiling interrupt.c...
C:\Users\Bill\SCHOOL\3A\SE 350\SE350\os\SVC\src\process.h(85): warning:  #815-D: type qualifier on return type is meaningless
compiling iprocesses.c...
C:\Users\Bill\SCHOOL\3A\SE 350\SE350\os\SVC\src\process.h(85): warning:  #815-D: type qualifier on return type is meaningless
compiling keyboard.c...
C:\Users\Bill\SCHOOL\3A\SE 350\SE350\os\SVC\src\process.h(85): warning:  #815-D: type qualifier on return type is meaningless
compiling timer.c...
C:\Users\Bill\SCHOOL\3A\SE 350\SE350\os\SVC\src\process.h(85): warning:  #815-D: type qualifier on return type is meaningless
linking...
Program Size: Code=5352 RO-data=236 RW-data=60 ZI-data=1292  
".\flash\SVC.axf" - 0 Error(s), 11 Warning(s).
Build Project 'SVC' - Target 'SVC SIM'
compiling process.c...
C:\Users\Bill\SCHOOL\3A\SE 350\SE350\os\SVC\src\process.h(85): warning:  #815-D: type qualifier on return type is meaningless
C:\Users\Bill\SCHOOL\3A\SE 350\SE350\os\SVC\src\CRT.h(35): warning:  #223-D: function "UART0_IRQHandler" declared implicitly
C:\Users\Bill\SCHOOL\3A\SE 350\SE350\os\SVC\src\process.c(305): error:  #20: identifier "null_processnull_process" is undefined
Target not created
Build Project 'SVC' - Target 'SVC SIM'
compiling process.c...
C:\Users\Bill\SCHOOL\3A\SE 350\SE350\os\SVC\src\process.h(85): warning:  #815-D: type qualifier on return type is meaningless
C:\Users\Bill\SCHOOL\3A\SE 350\SE350\os\SVC\src\CRT.h(35): warning:  #223-D: function "UART0_IRQHandler" declared implicitly
linking...
Program Size: Code=5088 RO-data=236 RW-data=56 ZI-data=1296  
".\flash\SVC.axf" - 0 Error(s), 2 Warning(s).
Build Project 'SVC' - Target 'SVC SIM'
compiling process.c...
C:\Users\Bill\SCHOOL\3A\SE 350\SE350\os\SVC\src\process.h(85): warning:  #815-D: type qualifier on return type is meaningless
C:\Users\Bill\SCHOOL\3A\SE 350\SE350\os\SVC\src\CRT.h(35): warning:  #223-D: function "UART0_IRQHandler" declared implicitly
linking...
Program Size: Code=5352 RO-data=236 RW-data=60 ZI-data=1292  
".\flash\SVC.axf" - 0 Error(s), 2 Warning(s).
